// Vitest Snapshot v1, https://vitest.dev/guide/snapshot.html

exports[`Fixture conversion structural snapshot > maplibre-demotiles — converted output fingerprint 1`] = `
{
  "layerCount": 8,
  "outputBytes": 14186,
  "outputLines": 142,
  "outputSha256": "63399bc1202426954822537be0888f02130ee063e7e24c8b9d854db0c1e271e4",
  "warningCount": 1,
}
`;

exports[`Fixture conversion structural snapshot > openfreemap-bright — converted output fingerprint 1`] = `
{
  "layerCount": 119,
  "outputBytes": 40080,
  "outputLines": 917,
  "outputSha256": "c2f103dbab3fa815fb7f02db1fcbf909ce99dd4c1fa5b6d676f9326ba088def7",
  "warningCount": 1,
}
`;

exports[`Fixture conversion structural snapshot > openfreemap-liberty — converted output fingerprint 1`] = `
{
  "layerCount": 111,
  "outputBytes": 35035,
  "outputLines": 860,
  "outputSha256": "16691348bd84d0878390a18413f5c2c24e5e1dcc103b985947f2d37a10604032",
  "warningCount": 0,
}
`;

exports[`Fixture conversion structural snapshot > openfreemap-positron — converted output fingerprint 1`] = `
{
  "layerCount": 55,
  "outputBytes": 21562,
  "outputLines": 463,
  "outputSha256": "781e31cabba0441222257ae9c2ae56437c626ad329650570c1c14aa5bb6cf730",
  "warningCount": 1,
}
`;
