// Vitest Snapshot v1, https://vitest.dev/guide/snapshot.html

exports[`Fixture conversion structural snapshot > maplibre-demotiles — converted output fingerprint 1`] = `
{
  "layerCount": 8,
  "outputBytes": 13948,
  "outputLines": 138,
  "outputSha256": "d2d794f99c227da5c6864b43577b2e2ed8b1f645affd0d7787831127b337a1fb",
  "warningCount": 1,
}
`;

exports[`Fixture conversion structural snapshot > openfreemap-bright — converted output fingerprint 1`] = `
{
  "layerCount": 119,
  "outputBytes": 40204,
  "outputLines": 916,
  "outputSha256": "64ec6de8708f61136d165f3840dec54edb7e62d1f45759ab968f93b4121e4c2b",
  "warningCount": 2,
}
`;

exports[`Fixture conversion structural snapshot > openfreemap-liberty — converted output fingerprint 1`] = `
{
  "layerCount": 111,
  "outputBytes": 35795,
  "outputLines": 862,
  "outputSha256": "27e77af8c20418940cd7d1474e574d23ef0726739bffcc9c77992582026fd8d0",
  "warningCount": 3,
}
`;

exports[`Fixture conversion structural snapshot > openfreemap-positron — converted output fingerprint 1`] = `
{
  "layerCount": 55,
  "outputBytes": 21785,
  "outputLines": 462,
  "outputSha256": "d61e2ac4495ff64d205858b2f94396fd0168901817147bdf3858f4ade09beb6d",
  "warningCount": 2,
}
`;
