// Vitest Snapshot v1, https://vitest.dev/guide/snapshot.html

exports[`Fixture conversion structural snapshot > maplibre-demotiles — converted output fingerprint 1`] = `
{
  "layerCount": 8,
  "outputBytes": 13956,
  "outputLines": 140,
  "outputSha256": "af35fd84068ca5da3bed8c6d62a5cf3d121d21a9ed07417754ca8e6ca820dddc",
  "warningCount": 1,
}
`;

exports[`Fixture conversion structural snapshot > openfreemap-bright — converted output fingerprint 1`] = `
{
  "layerCount": 119,
  "outputBytes": 40392,
  "outputLines": 919,
  "outputSha256": "2d94cae7940cb56e61bf2154fa147f99f5baaa3c2be4bd38abfafde39abc2e57",
  "warningCount": 3,
}
`;

exports[`Fixture conversion structural snapshot > openfreemap-liberty — converted output fingerprint 1`] = `
{
  "layerCount": 111,
  "outputBytes": 35803,
  "outputLines": 864,
  "outputSha256": "a22ccae207112b893d37d35e30f51cc44e1ad2e02982233f2d1e5d4f1b4b7ca6",
  "warningCount": 3,
}
`;

exports[`Fixture conversion structural snapshot > openfreemap-positron — converted output fingerprint 1`] = `
{
  "layerCount": 55,
  "outputBytes": 21793,
  "outputLines": 464,
  "outputSha256": "e34476108965a0889418c74bbe5c8d2878cd5bca19227d6e0c7603e8ecca8730",
  "warningCount": 2,
}
`;
